// Jest Snapshot v1, https://goo.gl/fbAQLP

exports[`libs/Stapsher:__resolvePlaceholders sets the dictionary if it does not exist 1`] = `
{
  "_id": "7w0.z3r0.7w0.53v3n",
  "_date": "1970-01-01T00:00:00.000Z",
  "fields": {
    "author": "Samantha Groves",
    "email": "samantha@example.com",
    "url": "https://samantha.example.com",
    "content": "We might as well be a symphony"
  },
  "options": {
    "alias": "Root"
  }
}
`;
