// Jest Snapshot v1, https://goo.gl/fbAQLP

exports[`Stapsher:utils generatePullRequestBody works as expected 1`] = `
"PullRequest
| Field | Value |
| ----- | ----- |
| name  | John  |"
`;

exports[`Stapsher:utils getContentDump returns dump for format 1`] = `
"{
  \\"name\\": \\"John\\"
}"
`;

exports[`Stapsher:utils getContentDump returns dump for format 2`] = `
"name: John
"
`;

exports[`Stapsher:utils validateFields throws if fields not allowed 1`] = `
{
  "code": "FIELDS_NOT_ALLOWED",
  "cause": {
    "notAllowedFields": [
      "rogue"
    ]
  }
}
`;

exports[`Stapsher:utils validateFields throws if missing required fields 1`] = `
{
  "code": "MISSING_REQUIRED_FIELDS",
  "cause": {
    "missingRequiredFields": [
      "email"
    ]
  }
}
`;
